
> build
> next build

▲ Next.js 16.1.1 (Turbopack)
- Experiments (use with caution):
  · serverActions

⚠ The "middleware" file convention is deprecated. Please use "proxy" instead. Learn more: https://nextjs.org/docs/messages/middleware-to-proxy
  Creating an optimized production build ...
Browserslist: browsers data (caniuse-lite) is 9 months old. Please run:
  npx update-browserslist-db@latest
  Why you should do it regularly: https://github.com/browserslist/update-db#readme

> Build error occurred
Error: Turbopack build failed with 1 errors:
./app/layout.tsx:7:13
Parsing ecmascript source code failed
[0m [90m  5 |[39m
 [90m  6 |[39m [36mconst[39m defaultUrl [33m=[39m process[33m.[39menv[33m.[39m[33mVERCEL_URL[39m
[31m[1m>[22m[39m[90m  7 |[39m   [33m?[39m https[33m:[39m[90m//[39m
 [90m    |[39m             [31m[1m^[22m[39m
[31m[1m>[22m[39m[90m  8 |[39m   [33m:[39m [32m"http://localhost:3000"[39m[33m;[39m
 [90m    |[39m [31m[1m^[22m[39m
 [90m  9 |[39m
 [90m 10 |[39m [36mexport[39m [36mconst[39m metadata [33m=[39m {
 [90m 11 |[39m   metadataBase[33m:[39m [36mnew[39m [33mURL[39m(defaultUrl)[33m,[39m [0m

Expression expected


    at <unknown> (./app/layout.tsx:7:13)
